[2025-12-08T09:48:12.532] Copied new file: \tc-01.txt
[2025-12-08T09:48:12.535] Copied new file: \tc-01(2).txt
[2025-12-08T09:48:12.535] Sync complete.
[2025-12-08T09:53:09.155] Copied new file: \tc-01.txt
[2025-12-08T09:53:09.159] Copied new file: \tc-01(2).txt
[2025-12-08T09:53:09.159] Copied new file: \tc-02\tc-02.txt
[2025-12-08T09:53:09.161] Sync complete.
[2025-12-08T09:54:55.703] Copied new file: \tc-01.txt
[2025-12-08T09:54:55.707] Copied new file: \tc-01(2).txt
[2025-12-08T09:54:55.707] Copied new file: \tc-02\tc-02.txt
[2025-12-08T09:54:55.707] Sync complete.
[2025-12-08T09:55:42.312] Updated modified file: \tc-01.txt
[2025-12-08T09:55:42.313] Sync complete.
[2025-12-08T10:33:07.860] Updated modified file: \tc-01(2).txt
[2025-12-08T10:33:07.866] Sync complete.
[2025-12-08T10:38:18.158] Sync complete.
[2025-12-08T10:39:35.192] Copied new file: \tc-04\tc-04.txt
[2025-12-08T10:39:35.192] Sync complete.
[2025-12-08T10:40:26.379] Updated modified file: \tc-04\tc-04.txt
[2025-12-08T10:40:26.379] Sync complete.
[2025-12-08T10:41:13.087] Sync complete.
[2025-12-08T10:41:29.606] Sync complete.
[2025-12-08T10:42:20.601] Deleted missing file: \tc-04\tc-04.txt
[2025-12-08T10:42:20.601] Sync complete.
[2025-12-08T10:55:48.031] Deleted missing file: \tc-01(2).txt
[2025-12-08T10:55:48.035] Sync complete.
[2025-12-08T10:56:42.735] Copied new file: \tc-04(2)\tc-04(2).txt
[2025-12-08T10:56:42.735] Sync complete.
[2025-12-08T10:57:02.017] Deleted missing file: \tc-04(2)\tc-04(2).txt
[2025-12-08T10:57:02.018] Sync complete.
[2025-12-08T11:10:22.791] Deleted missing file: \tc-04(3)\tc-04(3).txt
[2025-12-08T11:10:22.794] Deleted missing file: \tc-04(3)
[2025-12-08T11:10:22.794] Sync complete.
[2025-12-08T11:40:45.905] Created new folder: \tc-04(4)
[2025-12-08T11:40:45.909] Copied new file: \tc-04(4)\tc-04(4).txt
[2025-12-08T11:40:45.917] Sync complete.
[2025-12-08T11:41:12.230] Deleted missing file: \tc-02\tc-02.txt
[2025-12-08T11:41:12.239] Sync complete.
